[debug] [2026-09-18T18:24:47.894Z] ----------------------------------------------------------------------
[debug] [2026-09-18T18:24:47.896Z] Command:       /home/roger/.nvm/versions/node/v20.20.2/bin/node /home/roger/.nvm/versions/node/v20.20.2/bin/firebase emulators:start
[debug] [2026-09-18T18:24:47.896Z] CLI Version:   15.30.2
[debug] [2026-09-18T18:24:47.897Z] Platform:      linux
[debug] [2026-09-18T18:24:47.897Z] Node Version:  v20.20.2
[debug] [2026-09-18T18:24:47.897Z] Detected Agent: unknown
[debug] [2026-09-18T18:24:47.897Z] Time:          Fri Sep 18 2026 21:24:47 GMT+0300 (Eastern European Summer Time)
[debug] [2026-09-18T18:24:47.897Z] ----------------------------------------------------------------------
[debug] 
[debug] [2026-09-18T18:24:48.585Z] > command requires scopes: ["email","openid","https://www.googleapis.com/auth/cloudplatformprojects.readonly","https://www.googleapis.com/auth/firebase","https://www.googleapis.com/auth/cloud-platform"]
[debug] [2026-09-18T18:24:48.585Z] > authorizing via signed-in user (herlin.roger@gmail.com)
[debug] [2026-09-18T18:24:48.608Z] openjdk version "25.0.4" 2026-07-21

[debug] [2026-09-18T18:24:48.609Z] OpenJDK Runtime Environment (build 25.0.4+7-1-24.04-Ubuntu)
OpenJDK 64-Bit Server VM (build 25.0.4+7-1-24.04-Ubuntu, mixed mode, sharing)

[debug] [2026-09-18T18:24:48.611Z] Parsed Java major version: 25
[info] i  emulators: Starting emulators: auth, firestore {"metadata":{"emulator":{"name":"hub"},"message":"Starting emulators: auth, firestore"}}
[debug] [2026-09-18T18:24:48.620Z] [logging] Logging Emulator only supports listening on one address (127.0.0.1). Not listening on ::1
[debug] [2026-09-18T18:24:48.621Z] [auth] Authentication Emulator only supports listening on one address (127.0.0.1). Not listening on ::1
[debug] [2026-09-18T18:24:48.621Z] [firestore] Firestore Emulator only supports listening on one address (127.0.0.1). Not listening on ::1
[debug] [2026-09-18T18:24:48.621Z] [firestore.websocket] websocket server for firestore only supports listening on one address (127.0.0.1). Not listening on ::1
[debug] [2026-09-18T18:24:48.621Z] assigned listening specs for emulators {"user":{"hub":[{"address":"127.0.0.1","family":"IPv4","port":4400},{"address":"::1","family":"IPv6","port":4400}],"ui":[{"address":"127.0.0.1","family":"IPv4","port":4000},{"address":"::1","family":"IPv6","port":4000}],"logging":[{"address":"127.0.0.1","family":"IPv4","port":4500}],"auth":[{"address":"127.0.0.1","family":"IPv4","port":9099}],"firestore":[{"address":"127.0.0.1","family":"IPv4","port":8085}],"firestore.websocket":[{"address":"127.0.0.1","family":"IPv4","port":9150}]},"metadata":{"message":"assigned listening specs for emulators"}}
[debug] [2026-09-18T18:24:48.624Z] Write emulator hub locator at /tmp/hub-budget-app-508906.json
[info] i  firestore: downloading cloud-firestore-emulator-v1.22.0.jar... {"metadata":{"emulator":{"name":"firestore"},"message":"downloading cloud-firestore-emulator-v1.22.0.jar..."}}
[debug] [2026-09-18T18:24:48.638Z] >>> [apiv2][query] GET https://storage.googleapis.com/firebase-preview-drop/emulator/cloud-firestore-emulator-v1.22.0.jar 
[debug] [2026-09-18T18:24:48.893Z] <<< [apiv2][status] GET https://storage.googleapis.com/firebase-preview-drop/emulator/cloud-firestore-emulator-v1.22.0.jar 200
[debug] [2026-09-18T18:24:48.893Z] <<< [apiv2][body] GET https://storage.googleapis.com/firebase-preview-drop/emulator/cloud-firestore-emulator-v1.22.0.jar [stream]
[debug] [2026-09-18T18:24:56.723Z] Ignoring unsupported arg: auto_download {"metadata":{"emulator":{"name":"firestore"},"message":"Ignoring unsupported arg: auto_download"}}
[debug] [2026-09-18T18:24:56.723Z] Ignoring unsupported arg: single_project_mode_error {"metadata":{"emulator":{"name":"firestore"},"message":"Ignoring unsupported arg: single_project_mode_error"}}
[debug] [2026-09-18T18:24:56.723Z] Starting Firestore Emulator with command {"binary":"java","args":["-Dgoogle.cloud_firestore.debug_log_level=FINE","-Duser.language=en","-jar","/home/roger/.cache/firebase/emulators/cloud-firestore-emulator-v1.22.0.jar","--host","127.0.0.1","--port",8085,"--websocket_port",9150,"--database-edition","standard","--project_id","budget-app-508906","--rules","/home/roger/GitHub/nextpath-budgetapp/firestore.rules","--single_project_mode",true],"optionalArgs":["port","webchannel_port","host","rules","websocket_port","database-edition","functions_emulator","seed_from_export","project_id","single_project_mode"],"joinArgs":false,"shell":false,"port":8085} {"metadata":{"emulator":{"name":"firestore"},"message":"Starting Firestore Emulator with command {\"binary\":\"java\",\"args\":[\"-Dgoogle.cloud_firestore.debug_log_level=FINE\",\"-Duser.language=en\",\"-jar\",\"/home/roger/.cache/firebase/emulators/cloud-firestore-emulator-v1.22.0.jar\",\"--host\",\"127.0.0.1\",\"--port\",8085,\"--websocket_port\",9150,\"--database-edition\",\"standard\",\"--project_id\",\"budget-app-508906\",\"--rules\",\"/home/roger/GitHub/nextpath-budgetapp/firestore.rules\",\"--single_project_mode\",true],\"optionalArgs\":[\"port\",\"webchannel_port\",\"host\",\"rules\",\"websocket_port\",\"database-edition\",\"functions_emulator\",\"seed_from_export\",\"project_id\",\"single_project_mode\"],\"joinArgs\":false,\"shell\":false,\"port\":8085}"}}
[info] i  firestore: Firestore Emulator logging to firestore-debug.log {"metadata":{"emulator":{"name":"firestore"},"message":"Firestore Emulator logging to \u001b[1mfirestore-debug.log\u001b[22m"}}
[debug] [2026-09-18T18:24:57.058Z] WARNING: A terminally deprecated method in sun.misc.Unsafe has been called
WARNING: sun.misc.Unsafe::allocateMemory has been called by io.netty.util.internal.PlatformDependent0$2 (file:/home/roger/.cache/firebase/emulators/cloud-firestore-emulator-v1.22.0.jar)
WARNING: Please consider reporting this to the maintainers of class io.netty.util.internal.PlatformDependent0$2
WARNING: sun.misc.Unsafe::allocateMemory will be removed in a future release
 {"metadata":{"emulator":{"name":"firestore"},"message":"WARNING: A terminally deprecated method in sun.misc.Unsafe has been called\nWARNING: sun.misc.Unsafe::allocateMemory has been called by io.netty.util.internal.PlatformDependent0$2 (file:/home/roger/.cache/firebase/emulators/cloud-firestore-emulator-v1.22.0.jar)\nWARNING: Please consider reporting this to the maintainers of class io.netty.util.internal.PlatformDependent0$2\nWARNING: sun.misc.Unsafe::allocateMemory will be removed in a future release\n"}}
[debug] [2026-09-18T18:24:57.428Z] WARNING: A restricted method in java.lang.System {"metadata":{"emulator":{"name":"firestore"},"message":"WARNING: A restricted method in java.lang.System"}}
[debug] [2026-09-18T18:24:57.428Z]  has been called
WARNING: java.lang.System::loadLibrary has been called by io.netty.util.internal.NativeLibraryUtil in an unnamed module (file:/home/roger/.cache/firebase/emulators/cloud-firestore-emulator-v1.22.0.jar)
WARNING: Use --enable-native-access=ALL-UNNAMED to avoid a warning for callers in this module
WARNING: Restricted methods will be blocked in a future release unless native access is enabled

 {"metadata":{"emulator":{"name":"firestore"},"message":" has been called\nWARNING: java.lang.System::loadLibrary has been called by io.netty.util.internal.NativeLibraryUtil in an unnamed module (file:/home/roger/.cache/firebase/emulators/cloud-firestore-emulator-v1.22.0.jar)\nWARNING: Use --enable-native-access=ALL-UNNAMED to avoid a warning for callers in this module\nWARNING: Restricted methods will be blocked in a future release unless native access is enabled\n\n"}}
[debug] [2026-09-18T18:24:57.919Z] Sep 18, 2026 9:24:57 PM com.google.cloud.datastore.emulator.firestore.websocket.WebSocketServer start
INFO: Started WebSocket server on ws://127.0.0.1:9150
 {"metadata":{"emulator":{"name":"firestore"},"message":"Sep 18, 2026 9:24:57 PM com.google.cloud.datastore.emulator.firestore.websocket.WebSocketServer start\nINFO: Started WebSocket server on ws://127.0.0.1:9150\n"}}
[debug] [2026-09-18T18:24:57.954Z] 
API endpoint: http:// {"metadata":{"emulator":{"name":"firestore"},"message":"\nAPI endpoint: http://"}}
[debug] [2026-09-18T18:24:57.954Z] 127.0.0.1:8085
Database Edition: STANDARD
Database Mode: CLOUD_FIRESTORE

If you are using a library that supports the FIRESTORE_EMULATOR_HOST environment variable, run:

   export FIRESTORE_EMULATOR_HOST=127.0.0.1:8085

If you are running a Firestore in Datastore Mode project, run:

   export DATASTORE_EMULATOR_HOST=127.0.0.1:8085

Note: Support for Datastore Mode is in preview. If you encounter any bugs please file at https://github.com/firebase/firebase-tools/issues.
Dev App Server is now running.

 {"metadata":{"emulator":{"name":"firestore"},"message":"127.0.0.1:8085\nDatabase Edition: STANDARD\nDatabase Mode: CLOUD_FIRESTORE\n\nIf you are using a library that supports the FIRESTORE_EMULATOR_HOST environment variable, run:\n\n   export FIRESTORE_EMULATOR_HOST=127.0.0.1:8085\n\nIf you are running a Firestore in Datastore Mode project, run:\n\n   export DATASTORE_EMULATOR_HOST=127.0.0.1:8085\n\nNote: Support for Datastore Mode is in preview. If you encounter any bugs please file at https://github.com/firebase/firebase-tools/issues.\nDev App Server is now running.\n\n"}}
[info] ✔  firestore: Firestore Emulator was started in standard edition. {"metadata":{"emulator":{"name":"firestore"},"message":"Firestore Emulator was started in standard edition."}}
[info] ✔  firestore: Firestore Emulator UI websocket is running on 9150. {"metadata":{"emulator":{"name":"firestore"},"message":"Firestore Emulator UI websocket is running on 9150."}}
[info] i  ui: downloading ui-v1.15.0.zip... {"metadata":{"emulator":{"name":"ui"},"message":"downloading ui-v1.15.0.zip..."}}
[debug] [2026-09-18T18:25:04.933Z] >>> [apiv2][query] GET https://storage.googleapis.com/firebase-preview-drop/emulator/ui-v1.15.0.zip 
[debug] [2026-09-18T18:25:04.953Z] <<< [apiv2][status] GET https://storage.googleapis.com/firebase-preview-drop/emulator/ui-v1.15.0.zip 200
[debug] [2026-09-18T18:25:04.953Z] <<< [apiv2][body] GET https://storage.googleapis.com/firebase-preview-drop/emulator/ui-v1.15.0.zip [stream]
[debug] [2026-09-18T18:25:05.132Z] Data is 3538469
[debug] [2026-09-18T18:25:05.132Z] [unzip] Entry: client/ (compressed_size=0 bytes, uncompressed_size=0 bytes)
[debug] [2026-09-18T18:25:05.132Z] [unzip] Processing entry: client/
[debug] [2026-09-18T18:25:05.133Z] [unzip] mkdir: /home/roger/.cache/firebase/emulators/ui-v1.15.0/client/
[debug] [2026-09-18T18:25:05.133Z] [unzip] Entry: client/favicon-16x16.png (compressed_size=293 bytes, uncompressed_size=293 bytes)
[debug] [2026-09-18T18:25:05.133Z] [unzip] Processing entry: client/favicon-16x16.png
[debug] [2026-09-18T18:25:05.133Z] [unzip] else mkdir: /home/roger/.cache/firebase/emulators/ui-v1.15.0/client
[debug] [2026-09-18T18:25:05.133Z] [unzip] Writing file: /home/roger/.cache/firebase/emulators/ui-v1.15.0/client/favicon-16x16.png
[debug] [2026-09-18T18:25:05.134Z] [unzip] Entry: client/safari-pinned-tab.svg (compressed_size=1433 bytes, uncompressed_size=2611 bytes)
[debug] [2026-09-18T18:25:05.134Z] [unzip] Processing entry: client/safari-pinned-tab.svg
[debug] [2026-09-18T18:25:05.134Z] [unzip] else mkdir: /home/roger/.cache/firebase/emulators/ui-v1.15.0/client
[debug] [2026-09-18T18:25:05.134Z] [unzip] deflating: /home/roger/.cache/firebase/emulators/ui-v1.15.0/client/safari-pinned-tab.svg
[debug] [2026-09-18T18:25:05.137Z] [unzip] Entry: client/favicon.ico (compressed_size=2933 bytes, uncompressed_size=13294 bytes)
[debug] [2026-09-18T18:25:05.137Z] [unzip] Processing entry: client/favicon.ico
[debug] [2026-09-18T18:25:05.137Z] [unzip] else mkdir: /home/roger/.cache/firebase/emulators/ui-v1.15.0/client
[debug] [2026-09-18T18:25:05.138Z] [unzip] deflating: /home/roger/.cache/firebase/emulators/ui-v1.15.0/client/favicon.ico
[debug] [2026-09-18T18:25:05.138Z] [unzip] Entry: client/index.html (compressed_size=1364 bytes, uncompressed_size=3071 bytes)
[debug] [2026-09-18T18:25:05.138Z] [unzip] Processing entry: client/index.html
[debug] [2026-09-18T18:25:05.138Z] [unzip] else mkdir: /home/roger/.cache/firebase/emulators/ui-v1.15.0/client
[debug] [2026-09-18T18:25:05.139Z] [unzip] deflating: /home/roger/.cache/firebase/emulators/ui-v1.15.0/client/index.html
[debug] [2026-09-18T18:25:05.139Z] [unzip] Entry: client/android-chrome-192x192.png (compressed_size=2684 bytes, uncompressed_size=2684 bytes)
[debug] [2026-09-18T18:25:05.139Z] [unzip] Processing entry: client/android-chrome-192x192.png
[debug] [2026-09-18T18:25:05.139Z] [unzip] else mkdir: /home/roger/.cache/firebase/emulators/ui-v1.15.0/client
[debug] [2026-09-18T18:25:05.140Z] [unzip] Writing file: /home/roger/.cache/firebase/emulators/ui-v1.15.0/client/android-chrome-192x192.png
[debug] [2026-09-18T18:25:05.140Z] [unzip] Entry: client/apple-touch-icon.png (compressed_size=2123 bytes, uncompressed_size=2152 bytes)
[debug] [2026-09-18T18:25:05.141Z] [unzip] Processing entry: client/apple-touch-icon.png
[debug] [2026-09-18T18:25:05.141Z] [unzip] else mkdir: /home/roger/.cache/firebase/emulators/ui-v1.15.0/client
[debug] [2026-09-18T18:25:05.142Z] [unzip] deflating: /home/roger/.cache/firebase/emulators/ui-v1.15.0/client/apple-touch-icon.png
[debug] [2026-09-18T18:25:05.144Z] [unzip] Entry: client/android-chrome-512x512.png (compressed_size=5369 bytes, uncompressed_size=5411 bytes)
[debug] [2026-09-18T18:25:05.145Z] [unzip] Processing entry: client/android-chrome-512x512.png
[debug] [2026-09-18T18:25:05.145Z] [unzip] else mkdir: /home/roger/.cache/firebase/emulators/ui-v1.15.0/client
[debug] [2026-09-18T18:25:05.145Z] [unzip] deflating: /home/roger/.cache/firebase/emulators/ui-v1.15.0/client/android-chrome-512x512.png
[debug] [2026-09-18T18:25:05.147Z] [unzip] Entry: client/manifest.json (compressed_size=245 bytes, uncompressed_size=551 bytes)
[debug] [2026-09-18T18:25:05.147Z] [unzip] Processing entry: client/manifest.json
[debug] [2026-09-18T18:25:05.147Z] [unzip] else mkdir: /home/roger/.cache/firebase/emulators/ui-v1.15.0/client
[debug] [2026-09-18T18:25:05.147Z] [unzip] deflating: /home/roger/.cache/firebase/emulators/ui-v1.15.0/client/manifest.json
[debug] [2026-09-18T18:25:05.149Z] [unzip] Entry: client/robots.txt (compressed_size=26 bytes, uncompressed_size=26 bytes)
[debug] [2026-09-18T18:25:05.149Z] [unzip] Processing entry: client/robots.txt
[debug] [2026-09-18T18:25:05.149Z] [unzip] else mkdir: /home/roger/.cache/firebase/emulators/ui-v1.15.0/client
[debug] [2026-09-18T18:25:05.150Z] [unzip] Writing file: /home/roger/.cache/firebase/emulators/ui-v1.15.0/client/robots.txt
[debug] [2026-09-18T18:25:05.150Z] [unzip] Entry: client/mstile-150x150.png (compressed_size=2034 bytes, uncompressed_size=2034 bytes)
[debug] [2026-09-18T18:25:05.150Z] [unzip] Processing entry: client/mstile-150x150.png
[debug] [2026-09-18T18:25:05.150Z] [unzip] else mkdir: /home/roger/.cache/firebase/emulators/ui-v1.15.0/client
[debug] [2026-09-18T18:25:05.151Z] [unzip] Writing file: /home/roger/.cache/firebase/emulators/ui-v1.15.0/client/mstile-150x150.png
[debug] [2026-09-18T18:25:05.151Z] [unzip] Entry: client/assets/ (compressed_size=0 bytes, uncompressed_size=0 bytes)
[debug] [2026-09-18T18:25:05.151Z] [unzip] Processing entry: client/assets/
[debug] [2026-09-18T18:25:05.152Z] [unzip] mkdir: /home/roger/.cache/firebase/emulators/ui-v1.15.0/client/assets/
[debug] [2026-09-18T18:25:05.152Z] [unzip] Entry: client/assets/index-BX-A56oj.js (compressed_size=582089 bytes, uncompressed_size=2092775 bytes)
[debug] [2026-09-18T18:25:05.152Z] [unzip] Processing entry: client/assets/index-BX-A56oj.js
[debug] [2026-09-18T18:25:05.152Z] [unzip] else mkdir: /home/roger/.cache/firebase/emulators/ui-v1.15.0/client/assets
[debug] [2026-09-18T18:25:05.152Z] [unzip] deflating: /home/roger/.cache/firebase/emulators/ui-v1.15.0/client/assets/index-BX-A56oj.js
[debug] [2026-09-18T18:25:05.162Z] [unzip] Entry: client/assets/index-CjB9C900.css (compressed_size=35979 bytes, uncompressed_size=298654 bytes)
[debug] [2026-09-18T18:25:05.162Z] [unzip] Processing entry: client/assets/index-CjB9C900.css
[debug] [2026-09-18T18:25:05.162Z] [unzip] else mkdir: /home/roger/.cache/firebase/emulators/ui-v1.15.0/client/assets
[debug] [2026-09-18T18:25:05.163Z] [unzip] deflating: /home/roger/.cache/firebase/emulators/ui-v1.15.0/client/assets/index-CjB9C900.css
[debug] [2026-09-18T18:25:05.164Z] [unzip] Entry: client/assets/index-BX-A56oj.js.map (compressed_size=2362482 bytes, uncompressed_size=10036679 bytes)
[debug] [2026-09-18T18:25:05.164Z] [unzip] Processing entry: client/assets/index-BX-A56oj.js.map
[debug] [2026-09-18T18:25:05.164Z] [unzip] else mkdir: /home/roger/.cache/firebase/emulators/ui-v1.15.0/client/assets
[debug] [2026-09-18T18:25:05.165Z] [unzip] deflating: /home/roger/.cache/firebase/emulators/ui-v1.15.0/client/assets/index-BX-A56oj.js.map
[debug] [2026-09-18T18:25:05.206Z] [unzip] Entry: client/assets/extensions/ (compressed_size=0 bytes, uncompressed_size=0 bytes)
[debug] [2026-09-18T18:25:05.207Z] [unzip] Processing entry: client/assets/extensions/
[debug] [2026-09-18T18:25:05.207Z] [unzip] mkdir: /home/roger/.cache/firebase/emulators/ui-v1.15.0/client/assets/extensions/
[debug] [2026-09-18T18:25:05.207Z] [unzip] Entry: client/assets/extensions/default-extension.png (compressed_size=1646 bytes, uncompressed_size=1657 bytes)
[debug] [2026-09-18T18:25:05.207Z] [unzip] Processing entry: client/assets/extensions/default-extension.png
[debug] [2026-09-18T18:25:05.207Z] [unzip] else mkdir: /home/roger/.cache/firebase/emulators/ui-v1.15.0/client/assets/extensions
[debug] [2026-09-18T18:25:05.207Z] [unzip] deflating: /home/roger/.cache/firebase/emulators/ui-v1.15.0/client/assets/extensions/default-extension.png
[debug] [2026-09-18T18:25:05.208Z] [unzip] Entry: client/assets/img/ (compressed_size=0 bytes, uncompressed_size=0 bytes)
[debug] [2026-09-18T18:25:05.208Z] [unzip] Processing entry: client/assets/img/
[debug] [2026-09-18T18:25:05.208Z] [unzip] mkdir: /home/roger/.cache/firebase/emulators/ui-v1.15.0/client/assets/img/
[debug] [2026-09-18T18:25:05.208Z] [unzip] Entry: client/assets/img/database.png (compressed_size=29449 bytes, uncompressed_size=29988 bytes)
[debug] [2026-09-18T18:25:05.208Z] [unzip] Processing entry: client/assets/img/database.png
[debug] [2026-09-18T18:25:05.208Z] [unzip] else mkdir: /home/roger/.cache/firebase/emulators/ui-v1.15.0/client/assets/img
[debug] [2026-09-18T18:25:05.208Z] [unzip] deflating: /home/roger/.cache/firebase/emulators/ui-v1.15.0/client/assets/img/database.png
[debug] [2026-09-18T18:25:05.209Z] [unzip] Entry: client/assets/provider-icons/ (compressed_size=0 bytes, uncompressed_size=0 bytes)
[debug] [2026-09-18T18:25:05.209Z] [unzip] Processing entry: client/assets/provider-icons/
[debug] [2026-09-18T18:25:05.209Z] [unzip] mkdir: /home/roger/.cache/firebase/emulators/ui-v1.15.0/client/assets/provider-icons/
[debug] [2026-09-18T18:25:05.210Z] [unzip] Entry: client/assets/provider-icons/auth_service_saml.svg (compressed_size=575 bytes, uncompressed_size=1226 bytes)
[debug] [2026-09-18T18:25:05.210Z] [unzip] Processing entry: client/assets/provider-icons/auth_service_saml.svg
[debug] [2026-09-18T18:25:05.210Z] [unzip] else mkdir: /home/roger/.cache/firebase/emulators/ui-v1.15.0/client/assets/provider-icons
[debug] [2026-09-18T18:25:05.210Z] [unzip] deflating: /home/roger/.cache/firebase/emulators/ui-v1.15.0/client/assets/provider-icons/auth_service_saml.svg
[debug] [2026-09-18T18:25:05.211Z] [unzip] Entry: client/assets/provider-icons/auth_service_phone.svg (compressed_size=261 bytes, uncompressed_size=414 bytes)
[debug] [2026-09-18T18:25:05.211Z] [unzip] Processing entry: client/assets/provider-icons/auth_service_phone.svg
[debug] [2026-09-18T18:25:05.211Z] [unzip] else mkdir: /home/roger/.cache/firebase/emulators/ui-v1.15.0/client/assets/provider-icons
[debug] [2026-09-18T18:25:05.211Z] [unzip] deflating: /home/roger/.cache/firebase/emulators/ui-v1.15.0/client/assets/provider-icons/auth_service_phone.svg
[debug] [2026-09-18T18:25:05.211Z] [unzip] Entry: client/assets/provider-icons/auth_service_facebook.svg (compressed_size=289 bytes, uncompressed_size=457 bytes)
[debug] [2026-09-18T18:25:05.211Z] [unzip] Processing entry: client/assets/provider-icons/auth_service_facebook.svg
[debug] [2026-09-18T18:25:05.212Z] [unzip] else mkdir: /home/roger/.cache/firebase/emulators/ui-v1.15.0/client/assets/provider-icons
[debug] [2026-09-18T18:25:05.212Z] [unzip] deflating: /home/roger/.cache/firebase/emulators/ui-v1.15.0/client/assets/provider-icons/auth_service_facebook.svg
[debug] [2026-09-18T18:25:05.212Z] [unzip] Entry: client/assets/provider-icons/auth_service_game_center.svg (compressed_size=991 bytes, uncompressed_size=3921 bytes)
[debug] [2026-09-18T18:25:05.212Z] [unzip] Processing entry: client/assets/provider-icons/auth_service_game_center.svg
[debug] [2026-09-18T18:25:05.212Z] [unzip] else mkdir: /home/roger/.cache/firebase/emulators/ui-v1.15.0/client/assets/provider-icons
[debug] [2026-09-18T18:25:05.213Z] [unzip] deflating: /home/roger/.cache/firebase/emulators/ui-v1.15.0/client/assets/provider-icons/auth_service_game_center.svg
[debug] [2026-09-18T18:25:05.213Z] [unzip] Entry: client/assets/provider-icons/auth_service_apple.svg (compressed_size=230 bytes, uncompressed_size=334 bytes)
[debug] [2026-09-18T18:25:05.213Z] [unzip] Processing entry: client/assets/provider-icons/auth_service_apple.svg
[debug] [2026-09-18T18:25:05.213Z] [unzip] else mkdir: /home/roger/.cache/firebase/emulators/ui-v1.15.0/client/assets/provider-icons
[debug] [2026-09-18T18:25:05.213Z] [unzip] deflating: /home/roger/.cache/firebase/emulators/ui-v1.15.0/client/assets/provider-icons/auth_service_apple.svg
[debug] [2026-09-18T18:25:05.214Z] [unzip] Entry: client/assets/provider-icons/auth_service_github.svg (compressed_size=466 bytes, uncompressed_size=838 bytes)
[debug] [2026-09-18T18:25:05.214Z] [unzip] Processing entry: client/assets/provider-icons/auth_service_github.svg
[debug] [2026-09-18T18:25:05.214Z] [unzip] else mkdir: /home/roger/.cache/firebase/emulators/ui-v1.15.0/client/assets/provider-icons
[debug] [2026-09-18T18:25:05.214Z] [unzip] deflating: /home/roger/.cache/firebase/emulators/ui-v1.15.0/client/assets/provider-icons/auth_service_github.svg
[debug] [2026-09-18T18:25:05.215Z] [unzip] Entry: client/assets/provider-icons/auth_service_mslive.svg (compressed_size=203 bytes, uncompressed_size=378 bytes)
[debug] [2026-09-18T18:25:05.215Z] [unzip] Processing entry: client/assets/provider-icons/auth_service_mslive.svg
[debug] [2026-09-18T18:25:05.215Z] [unzip] else mkdir: /home/roger/.cache/firebase/emulators/ui-v1.15.0/client/assets/provider-icons
[debug] [2026-09-18T18:25:05.215Z] [unzip] deflating: /home/roger/.cache/firebase/emulators/ui-v1.15.0/client/assets/provider-icons/auth_service_mslive.svg
[debug] [2026-09-18T18:25:05.216Z] [unzip] Entry: client/assets/provider-icons/auth_service_yahoo.svg (compressed_size=577 bytes, uncompressed_size=1182 bytes)
[debug] [2026-09-18T18:25:05.216Z] [unzip] Processing entry: client/assets/provider-icons/auth_service_yahoo.svg
[debug] [2026-09-18T18:25:05.216Z] [unzip] else mkdir: /home/roger/.cache/firebase/emulators/ui-v1.15.0/client/assets/provider-icons
[debug] [2026-09-18T18:25:05.216Z] [unzip] deflating: /home/roger/.cache/firebase/emulators/ui-v1.15.0/client/assets/provider-icons/auth_service_yahoo.svg
[debug] [2026-09-18T18:25:05.217Z] [unzip] Entry: client/assets/provider-icons/auth_service_twitter.svg (compressed_size=444 bytes, uncompressed_size=751 bytes)
[debug] [2026-09-18T18:25:05.217Z] [unzip] Processing entry: client/assets/provider-icons/auth_service_twitter.svg
[debug] [2026-09-18T18:25:05.217Z] [unzip] else mkdir: /home/roger/.cache/firebase/emulators/ui-v1.15.0/client/assets/provider-icons
[debug] [2026-09-18T18:25:05.217Z] [unzip] deflating: /home/roger/.cache/firebase/emulators/ui-v1.15.0/client/assets/provider-icons/auth_service_twitter.svg
[debug] [2026-09-18T18:25:05.219Z] [unzip] Entry: client/assets/provider-icons/auth_service_play_games.svg (compressed_size=565 bytes, uncompressed_size=1173 bytes)
[debug] [2026-09-18T18:25:05.219Z] [unzip] Processing entry: client/assets/provider-icons/auth_service_play_games.svg
[debug] [2026-09-18T18:25:05.219Z] [unzip] else mkdir: /home/roger/.cache/firebase/emulators/ui-v1.15.0/client/assets/provider-icons
[debug] [2026-09-18T18:25:05.219Z] [unzip] deflating: /home/roger/.cache/firebase/emulators/ui-v1.15.0/client/assets/provider-icons/auth_service_play_games.svg
[debug] [2026-09-18T18:25:05.220Z] [unzip] Entry: client/assets/provider-icons/auth_service_email.svg (compressed_size=228 bytes, uncompressed_size=326 bytes)
[debug] [2026-09-18T18:25:05.220Z] [unzip] Processing entry: client/assets/provider-icons/auth_service_email.svg
[debug] [2026-09-18T18:25:05.220Z] [unzip] else mkdir: /home/roger/.cache/firebase/emulators/ui-v1.15.0/client/assets/provider-icons
[debug] [2026-09-18T18:25:05.221Z] [unzip] deflating: /home/roger/.cache/firebase/emulators/ui-v1.15.0/client/assets/provider-icons/auth_service_email.svg
[debug] [2026-09-18T18:25:05.222Z] [unzip] Entry: client/assets/provider-icons/auth_service_google.svg (compressed_size=409 bytes, uncompressed_size=720 bytes)
[debug] [2026-09-18T18:25:05.222Z] [unzip] Processing entry: client/assets/provider-icons/auth_service_google.svg
[debug] [2026-09-18T18:25:05.222Z] [unzip] else mkdir: /home/roger/.cache/firebase/emulators/ui-v1.15.0/client/assets/provider-icons
[debug] [2026-09-18T18:25:05.223Z] [unzip] deflating: /home/roger/.cache/firebase/emulators/ui-v1.15.0/client/assets/provider-icons/auth_service_google.svg
[debug] [2026-09-18T18:25:05.224Z] [unzip] Entry: client/assets/provider-icons/auth_service_oidc.svg (compressed_size=414 bytes, uncompressed_size=858 bytes)
[debug] [2026-09-18T18:25:05.224Z] [unzip] Processing entry: client/assets/provider-icons/auth_service_oidc.svg
[debug] [2026-09-18T18:25:05.224Z] [unzip] else mkdir: /home/roger/.cache/firebase/emulators/ui-v1.15.0/client/assets/provider-icons
[debug] [2026-09-18T18:25:05.224Z] [unzip] deflating: /home/roger/.cache/firebase/emulators/ui-v1.15.0/client/assets/provider-icons/auth_service_oidc.svg
[debug] [2026-09-18T18:25:05.225Z] [unzip] Entry: client/browserconfig.xml (compressed_size=491 bytes, uncompressed_size=822 bytes)
[debug] [2026-09-18T18:25:05.225Z] [unzip] Processing entry: client/browserconfig.xml
[debug] [2026-09-18T18:25:05.225Z] [unzip] else mkdir: /home/roger/.cache/firebase/emulators/ui-v1.15.0/client
[debug] [2026-09-18T18:25:05.226Z] [unzip] deflating: /home/roger/.cache/firebase/emulators/ui-v1.15.0/client/browserconfig.xml
[debug] [2026-09-18T18:25:05.227Z] [unzip] Entry: client/favicon-32x32.png (compressed_size=475 bytes, uncompressed_size=475 bytes)
[debug] [2026-09-18T18:25:05.227Z] [unzip] Processing entry: client/favicon-32x32.png
[debug] [2026-09-18T18:25:05.227Z] [unzip] else mkdir: /home/roger/.cache/firebase/emulators/ui-v1.15.0/client
[debug] [2026-09-18T18:25:05.227Z] [unzip] Writing file: /home/roger/.cache/firebase/emulators/ui-v1.15.0/client/favicon-32x32.png
[debug] [2026-09-18T18:25:05.228Z] [unzip] Entry: server/ (compressed_size=0 bytes, uncompressed_size=0 bytes)
[debug] [2026-09-18T18:25:05.228Z] [unzip] Processing entry: server/
[debug] [2026-09-18T18:25:05.228Z] [unzip] mkdir: /home/roger/.cache/firebase/emulators/ui-v1.15.0/server/
[debug] [2026-09-18T18:25:05.228Z] [unzip] Entry: server/server.mjs.map (compressed_size=217845 bytes, uncompressed_size=944978 bytes)
[debug] [2026-09-18T18:25:05.229Z] [unzip] Processing entry: server/server.mjs.map
[debug] [2026-09-18T18:25:05.229Z] [unzip] else mkdir: /home/roger/.cache/firebase/emulators/ui-v1.15.0/server
[debug] [2026-09-18T18:25:05.229Z] [unzip] deflating: /home/roger/.cache/firebase/emulators/ui-v1.15.0/server/server.mjs.map
[debug] [2026-09-18T18:25:05.239Z] [unzip] Entry: server/server.mjs (compressed_size=276407 bytes, uncompressed_size=933701 bytes)
[debug] [2026-09-18T18:25:05.240Z] [unzip] Processing entry: server/server.mjs
[debug] [2026-09-18T18:25:05.240Z] [unzip] else mkdir: /home/roger/.cache/firebase/emulators/ui-v1.15.0/server
[debug] [2026-09-18T18:25:05.240Z] [unzip] deflating: /home/roger/.cache/firebase/emulators/ui-v1.15.0/server/server.mjs
[debug] [2026-09-18T18:25:05.261Z] Could not find VSCode notification endpoint: TypeError: fetch failed. If you are not running the Firebase SQL Connect VSCode extension, this is expected and not an issue.
[info] 
┌─────────────────────────────────────────────────────────────┐
│ ✔  All emulators ready! It is now safe to connect your app. │
│ i  View Emulator UI at http://127.0.0.1:4000/               │
└─────────────────────────────────────────────────────────────┘

┌────────────────┬────────────────┬─────────────────────────────────┐
│ Emulator       │ Host:Port      │ View in Emulator UI             │
├────────────────┼────────────────┼─────────────────────────────────┤
│ Authentication │ 127.0.0.1:9099 │ http://127.0.0.1:4000/auth      │
├────────────────┼────────────────┼─────────────────────────────────┤
│ Firestore      │ 127.0.0.1:8085 │ http://127.0.0.1:4000/firestore │
└────────────────┴────────────────┴─────────────────────────────────┘
  Emulator Hub host: 127.0.0.1 port: 4400
  Other reserved ports: 4500, 9150

Issues? Report them at https://github.com/firebase/firebase-tools/issues and attach the *-debug.log files.
 
[debug] [2026-09-18T18:26:07.082Z] Sep 18, 2026 9:26:07 PM io.gapi.emulators.netty.HttpVersionRoutingHandler channelRead
INFO: Detected HTTP/2 connection.
 {"metadata":{"emulator":{"name":"firestore"},"message":"Sep 18, 2026 9:26:07 PM io.gapi.emulators.netty.HttpVersionRoutingHandler channelRead\nINFO: Detected HTTP/2 connection.\n"}}
[debug] [2026-09-18T19:20:12.888Z] Sep 18, 2026 10:20:12 PM io.gapi.emulators.netty.HttpVersionRoutingHandler channelRead
INFO: Detected HTTP/2 connection.
 {"metadata":{"emulator":{"name":"firestore"},"message":"Sep 18, 2026 10:20:12 PM io.gapi.emulators.netty.HttpVersionRoutingHandler channelRead\nINFO: Detected HTTP/2 connection.\n"}}
[debug] [2026-09-18T19:22:11.640Z] Sep 18, 2026 10:22:11 PM com.google.cloud.datastore.emulator.firestore.websocket.WebSocketChannelHandler initChannel
INFO: Connected to new websocket client
 {"metadata":{"emulator":{"name":"firestore"},"message":"Sep 18, 2026 10:22:11 PM com.google.cloud.datastore.emulator.firestore.websocket.WebSocketChannelHandler initChannel\nINFO: Connected to new websocket client\n"}}
